---
source: tests/lockfile.rs
expression: report(&findings)
---
[
    "Medium: private-widget was added from outside a registry — private-widget 2.0.0 is new and resolves from https://example.invalid/private-widget-2.0.0.tgz, which no registry reviewed",
    "Critical: integrity of solid-js changed without a version change — solid-js 1.9.3 keeps its version and source but its integrity changed from sha512-c29saWQtanMtYmFzZS1pbnRlZ3JpdHktdmFsdWUtZm9yLXRlc3Rz to sha512-c29saWQtanMtaGVhZC1pbnRlZ3JpdHktdmFsdWUtZm9yLXRlc3Rz",
    "Info: @solidjs/router moved to 0.15.3 — @solidjs/router was upgraded from 0.15.0 to 0.15.3",
    "Info: seroval moved to 1.2.0 — seroval was upgraded from 1.1.2 to 1.2.0",
    "Info: internal-tool 1.0.0 was removed from the lockfile — internal-tool 1.0.0 is no longer present in the lockfile",
]
